C:\Users\Vidar\Documents\OldUnit\Tools\TortoiseIDiff.exe