C:\Users\Vidar\Documents\OldUnit\DebugBin\TestSubDir\TestFile.test