C:\Users\Vidar\Documents\OldUnit\DebugBin\ApprovalTests.dll